// Jest Snapshot v1, https://goo.gl/fbAQLP

exports[`Search Form renders snapshot 1`] = `
<form>
  <label
    class="label"
    for="search"
  >
    <strong>
      Search
    </strong>
  </label>
  Â 
  <input
    class="input"
    id="search"
    type="text"
    value="React"
  />
  <button
    class="button button_large"
    type="submit"
  >
     Submit
    <svg
      height="18px"
      width="18px"
    >
      check.svg
    </svg>
  </button>
</form>
`;
